Info: Starting: Create HDL design files for synthesis
Info: qsys-generate /tmp/hft_main/hw/soc_system.qsys --synthesis=VERILOG --output-directory=/tmp/hft_main/hw/soc_system/synthesis --family="Cyclone V" --part=5CSEMA5F31C6
Progress: Loading hw/soc_system.qsys
Progress: Reading input file
Progress: Adding clk_0 [clock_source 22.1]
Warning: clk_0: Used clock_source 21.1 (instead of 22.1)
Progress: Parameterizing module clk_0
Progress: Adding hft_sim_0 [hft_sim 1.0]
Progress: Parameterizing module hft_sim_0
Progress: Adding hps_0 [altera_hps 22.1]
Warning: hps_0: Used altera_hps 21.1 (instead of 22.1)
Progress: Parameterizing module hps_0
Progress: Building connections
Progress: Parameterizing connections
Progress: Validating
Progress: Done reading input file
Info: soc_system.hps_0: HPS Main PLL counter settings: n = 0  m = 73
Info: soc_system.hps_0: HPS peripherial PLL counter settings: n = 0  m = 39
Info: soc_system: Generating soc_system "soc_system" for QUARTUS_SYNTH
Info: Interconnect is inserted between master hps_0.h2f_lw_axi_master and slave hft_sim_0.avalon_slave_0 because the master is of type axi and the slave is of type avalon.
Info: hft_sim_0: "soc_system" instantiated hft_sim "hft_sim_0"
Info: hps_0: "Running  for module: hps_0"
Info: hps_0: HPS Main PLL counter settings: n = 0  m = 73
Info: hps_0: HPS peripherial PLL counter settings: n = 0  m = 39
Info: hps_0: "soc_system" instantiated altera_hps "hps_0"
Info: avalon_st_adapter: Inserting error_adapter: error_adapter_0
Info: mm_interconnect_0: "soc_system" instantiated altera_mm_interconnect "mm_interconnect_0"
Info: rst_controller: "soc_system" instantiated altera_reset_controller "rst_controller"
Info: fpga_interfaces: "hps_0" instantiated altera_interface_generator "fpga_interfaces"
Info: hps_io: "hps_0" instantiated altera_hps_io "hps_io"
Info: hft_sim_0_avalon_slave_0_translator: "mm_interconnect_0" instantiated altera_merlin_slave_translator "hft_sim_0_avalon_slave_0_translator"
Info: hps_0_h2f_lw_axi_master_agent: "mm_interconnect_0" instantiated altera_merlin_axi_master_ni "hps_0_h2f_lw_axi_master_agent"
Info: hft_sim_0_avalon_slave_0_agent: "mm_interconnect_0" instantiated altera_merlin_slave_agent "hft_sim_0_avalon_slave_0_agent"
Info: hft_sim_0_avalon_slave_0_agent_rsp_fifo: "mm_interconnect_0" instantiated altera_avalon_sc_fifo "hft_sim_0_avalon_slave_0_agent_rsp_fifo"
Info: router: "mm_interconnect_0" instantiated altera_merlin_router "router"
Info: router_002: "mm_interconnect_0" instantiated altera_merlin_router "router_002"
Info: hft_sim_0_avalon_slave_0_burst_adapter: "mm_interconnect_0" instantiated altera_merlin_burst_adapter "hft_sim_0_avalon_slave_0_burst_adapter"
Info: Reusing file /tmp/hft_main/hw/soc_system/synthesis/submodules/altera_merlin_address_alignment.sv
Info: cmd_demux: "mm_interconnect_0" instantiated altera_merlin_demultiplexer "cmd_demux"
Info: cmd_mux: "mm_interconnect_0" instantiated altera_merlin_multiplexer "cmd_mux"
Info: rsp_demux: "mm_interconnect_0" instantiated altera_merlin_demultiplexer "rsp_demux"
Info: rsp_mux: "mm_interconnect_0" instantiated altera_merlin_multiplexer "rsp_mux"
Info: Reusing file /tmp/hft_main/hw/soc_system/synthesis/submodules/altera_merlin_arbitrator.sv
Info: avalon_st_adapter: "mm_interconnect_0" instantiated altera_avalon_st_adapter "avalon_st_adapter"
Info: border: "hps_io" instantiated altera_interface_generator "border"
Info: error_adapter_0: "avalon_st_adapter" instantiated error_adapter "error_adapter_0"
Info: soc_system: Done "soc_system" with 21 modules, 90 files
Info: qsys-generate succeeded.
Info: Finished: Create HDL design files for synthesis
